
Due to MODULEPATH changes, the following have been reloaded:
  1) Cbc/2.10.12-foss-2024a
  2) Cgl/0.60.8-foss-2024a
  3) Clp/1.17.10-foss-2024a
  4) CoinUtils/2.11.12-GCC-13.3.0
  5) FFTW.MPI/3.3.10-gompi-2024a
  6) FFTW/3.3.10-GCC-13.3.0
  7) FlexiBLAS/3.4.4-GCC-13.3.0
  8) GCC/13.3.0
  9) GCCcore/13.3.0
 10) GLPK/5.0-GCCcore-13.3.0
 11) GMP/6.3.0-GCCcore-13.3.0
 12) GitPython/3.1.43-GCCcore-13.3.0
 13) IPython/8.28.0-GCCcore-13.3.0
 14) METIS/5.1.0-GCCcore-13.3.0
 15) MUMPS/5.7.2-foss-2024a-metis
 16) OpenBLAS/0.3.27-GCC-13.3.0
 17) OpenMPI/5.0.3-GCC-13.3.0
 18) OpenPGM/5.2.122-GCCcore-13.3.0
 19) OpenSSL/3
 20) Osi/0.108.11-GCC-13.3.0
 21) PMIx/5.0.2-GCCcore-13.3.0
 22) PRRTE/3.0.5-GCCcore-13.3.0
 23) Perl/5.38.2-GCCcore-13.3.0
 24) PuLP/2.8.0-foss-2024a
 25) PyYAML/6.0.2-GCCcore-13.3.0
 26) Python-bundle-PyPI/2024.06-GCCcore-13.3.0
 27) Python/3.12.3-GCCcore-13.3.0
 28) SCOTCH/7.0.6-gompi-2024a
 29) SQLite/3.45.3-GCCcore-13.3.0
 30) ScaLAPACK/2.2.0-gompi-2024a-fb
 31) SciPy-bundle/2024.05-gfbf-2024a
 32) Tcl/8.6.14-GCCcore-13.3.0
 33) UCC/1.3.0-GCCcore-13.3.0
 34) UCX/1.16.0-GCCcore-13.3.0
 35) XZ/5.4.5-GCCcore-13.3.0
 36) ZeroMQ/4.3.5-GCCcore-13.3.0
 37) binutils/2.42-GCCcore-13.3.0
 38) bzip2/1.0.8-GCCcore-13.3.0
 39) cURL/8.7.1-GCCcore-13.3.0
 40) cffi/1.16.0-GCCcore-13.3.0
 41) cryptography/42.0.8-GCCcore-13.3.0
 42) expat/2.6.2-GCCcore-13.3.0
 43) foss/2024a
 44) gettext/0.22.5-GCCcore-13.3.0
 45) gfbf/2024a
 46) git/2.45.1-GCCcore-13.3.0
 47) gompi/2024a
 48) hwloc/2.10.0-GCCcore-13.3.0
 49) jedi/0.19.1-GCCcore-13.3.0
 50) libevent/2.1.12-GCCcore-13.3.0
 51) libffi/3.4.5-GCCcore-13.3.0
 52) libiconv/1.17-GCCcore-13.3.0
 53) libpciaccess/0.18.1-GCCcore-13.3.0
 54) libreadline/8.2-GCCcore-13.3.0
 55) libsodium/1.0.20-GCCcore-13.3.0
 56) libxml2/2.12.7-GCCcore-13.3.0
 57) libxslt/1.1.42-GCCcore-13.3.0
 58) libyaml/0.2.5-GCCcore-13.3.0
 59) lxml/5.3.0-GCCcore-13.3.0
 60) ncurses/6.5-GCCcore-13.3.0
 61) numactl/2.0.18-GCCcore-13.3.0
 62) snakemake/8.27.0-foss-2024a
 63) util-linux/2.40-GCCcore-13.3.0
 64) virtualenv/20.26.2-GCCcore-13.3.0
 65) wrapt/1.16.0-gfbf-2024a
 66) zlib/1.3.1-GCCcore-13.3.0

host: node740.hydra.os
Building DAG of jobs...
Using shell: /usr/bin/bash
Provided cores: 24
Rules claiming more threads will be scaled down.
Provided resources: mem_mb=6410, mem_mib=6114, disk_mb=100000, disk_mib=95368, nodes=1, tasks=1, cpus_per_task=16, mem_mb_per_cpu=25000
Select jobs to execute...
Execute 1 jobs...

[Mon Apr 20 21:13:32 2026]
localrule edta_tir:
    input: /user/brussel/109/vsc10945/home/scratch/AmphibianTELibrary/Genomes/Mantella_aurantiaca/Mantella_aurantiaca_headers.fna
    output: /user/brussel/109/vsc10945/home/scratch/AmphibianTELibrary/Genomes/Mantella_aurantiaca/Mantella_aurantiaca.denovo
    log: /user/brussel/109/vsc10945/home/scratch/AmphibianTELibrary/LOGS/edta/edta_Mantella_aurantiaca.log
    jobid: 0
    reason: Forced execution
    wildcards: species=Mantella_aurantiaca
    resources: mem_mb=6410, mem_mib=6114, disk_mb=100000, disk_mib=95368, tmpdir=/tmp, nodes=1, tasks=1, cpus_per_task=16, mem_mb_per_cpu=25000, runtime=7200, partition=zen4,zen5_mpi


        CDS=$(find /user/brussel/109/vsc10945/home/scratch/AmphibianTELibrary/Genomes/Mantella_aurantiaca -name '*cds*.fna' | head -1)
        cd /user/brussel/109/vsc10945/home/scratch/AmphibianTELibrary/Genomes/Mantella_aurantiaca
        PYTHONNOUSERSITE=1 apptainer exec /apps/brussel/containers/edta/EDTA-2.3.0--hdfd78af_0.sif bash -c             'export LC_ALL=C LANG=C LANGUAGE=C && unset -f which && EDTA.pl             --genome /user/brussel/109/vsc10945/home/scratch/AmphibianTELibrary/Genomes/Mantella_aurantiaca/Mantella_aurantiaca_headers.fna             --cds '"$CDS"'             --curatedlib /user/brussel/109/vsc10945/home/scratch/TE/Libraries/repbase/31/RepBase31.03.fasta/vrtrep.ref             --type tir             --overwrite 0             --sensitive 0             --anno 0             --evaluate 0             --threads 16 > /user/brussel/109/vsc10945/home/scratch/AmphibianTELibrary/Genomes/Mantella_aurantiaca/Mantella_aurantiaca.denovo' 2> /user/brussel/109/vsc10945/home/scratch/AmphibianTELibrary/LOGS/edta/edta_Mantella_aurantiaca.log
        
[Mon Apr 20 21:13:32 2026]
Error in rule edta_tir:
    jobid: 0
    input: /user/brussel/109/vsc10945/home/scratch/AmphibianTELibrary/Genomes/Mantella_aurantiaca/Mantella_aurantiaca_headers.fna
    output: /user/brussel/109/vsc10945/home/scratch/AmphibianTELibrary/Genomes/Mantella_aurantiaca/Mantella_aurantiaca.denovo
    log: /user/brussel/109/vsc10945/home/scratch/AmphibianTELibrary/LOGS/edta/edta_Mantella_aurantiaca.log (check log file(s) for error details)
    shell:
        
        CDS=$(find /user/brussel/109/vsc10945/home/scratch/AmphibianTELibrary/Genomes/Mantella_aurantiaca -name '*cds*.fna' | head -1)
        cd /user/brussel/109/vsc10945/home/scratch/AmphibianTELibrary/Genomes/Mantella_aurantiaca
        PYTHONNOUSERSITE=1 apptainer exec /apps/brussel/containers/edta/EDTA-2.3.0--hdfd78af_0.sif bash -c             'export LC_ALL=C LANG=C LANGUAGE=C && unset -f which && EDTA.pl             --genome /user/brussel/109/vsc10945/home/scratch/AmphibianTELibrary/Genomes/Mantella_aurantiaca/Mantella_aurantiaca_headers.fna             --cds '"$CDS"'             --curatedlib /user/brussel/109/vsc10945/home/scratch/TE/Libraries/repbase/31/RepBase31.03.fasta/vrtrep.ref             --type tir             --overwrite 0             --sensitive 0             --anno 0             --evaluate 0             --threads 16 > /user/brussel/109/vsc10945/home/scratch/AmphibianTELibrary/Genomes/Mantella_aurantiaca/Mantella_aurantiaca.denovo' 2> /user/brussel/109/vsc10945/home/scratch/AmphibianTELibrary/LOGS/edta/edta_Mantella_aurantiaca.log
        
        (one of the commands exited with non-zero exit code; note that snakemake uses bash strict mode!)

Removing output files of failed job edta_tir since they might be corrupted:
/user/brussel/109/vsc10945/home/scratch/AmphibianTELibrary/Genomes/Mantella_aurantiaca/Mantella_aurantiaca.denovo
Shutting down, this might take some time.
Exiting because a job execution failed. Look above for error message
Storing output in storage.
WorkflowError:
At least one job did not complete successfully.
